// Jest Snapshot v1, https://goo.gl/fbAQLP

exports[`<Copyright /> should render correctly 1`] = `
<Copyright
  data={
    Object {
      "owner": "© Steven Natera",
    }
  }
>
  <div
    id="copyright"
  >
    <ul>
      <li>
        © Steven Natera
      </li>
      <li>
        Design: 
        <a
          href="https://html5up.net"
        >
          HTML5 UP
        </a>
      </li>
      <li>
        Powered by: 
        <a
          href="https://www.gatsbyjs.org/"
        >
          GatsbyJS
        </a>
      </li>
    </ul>
  </div>
</Copyright>
`;
