// Jest Snapshot v1, https://goo.gl/fbAQLP

exports[`<Massively /> should render correctly 1`] = `
<div
  className=""
  id="pseudoBody"
>
  <div
    className="fade-in"
    id="wrapper"
  >
    <Intro />
    <Header />
    <Navbar
      links={
        Object {
          "paths": Array [
            Object {
              "path": "/",
              "title": "Home",
            },
            Object {
              "path": "/about",
              "title": "About",
            },
            Object {
              "path": "/speaking",
              "title": "Speaking",
            },
            Object {
              "path": "/contact",
              "title": "Contact",
            },
          ],
          "socialLinks": Array [
            Object {
              "icon": "twitter",
              "name": "Twitter",
              "path": "https://www.twitter.com/stevennatera",
            },
            Object {
              "icon": "linkedin",
              "name": "LinkedIn",
              "path": "https://www.linkedin.com/in/snatera",
            },
            Object {
              "icon": "github",
              "name": "Github",
              "path": "https://www.github.com/nodox",
            },
          ],
        }
      }
    />
    <Footer />
    <Copyright
      data={
        Object {
          "owner": "© Steven Natera",
        }
      }
    />
    <div
      className="bg fixed"
      style={
        Object {
          "transform": "none",
        }
      }
    />
    <a
      className="alt"
      href="#navPanel"
      id="navPanelToggle"
      onClick={[Function]}
    >
      Menu
    </a>
    <NavPanel
      closePanelHandler={[Function]}
      links={
        Object {
          "paths": Array [
            Object {
              "path": "/",
              "title": "Home",
            },
            Object {
              "path": "/about",
              "title": "About",
            },
            Object {
              "path": "/speaking",
              "title": "Speaking",
            },
            Object {
              "path": "/contact",
              "title": "Contact",
            },
          ],
          "socialLinks": Array [
            Object {
              "icon": "twitter",
              "name": "Twitter",
              "path": "https://www.twitter.com/stevennatera",
            },
            Object {
              "icon": "linkedin",
              "name": "LinkedIn",
              "path": "https://www.linkedin.com/in/snatera",
            },
            Object {
              "icon": "github",
              "name": "Github",
              "path": "https://www.github.com/nodox",
            },
          ],
        }
      }
    />
  </div>
</div>
`;
