// Jest Snapshot v1, https://goo.gl/fbAQLP

exports[`<Intro /> should render correctly 1`] = `
<div
  className=""
  id="intro"
>
  <div
    className="img-container"
  >
    <div
      className="img-size-sm img-intro img-circle"
    />
  </div>
  <h1>
    Steven Natera
  </h1>
  <p />
  <ul
    className="actions"
  >
    <li>
      <a
        className="button icon solo fa-arrow-down scrolly"
        href="#header"
      >
        Continue
      </a>
    </li>
  </ul>
</div>
`;
