// Jest Snapshot v1, https://goo.gl/fbAQLP

exports[`<NavPanel /> should render correctly 1`] = `
<div
  id="navPanel"
>
  <nav>
    <ul
      className="links"
    >
      <li
        key="0"
      >
        <GatsbyLink
          onClick={[Function]}
          to="/"
        >
          Home
        </GatsbyLink>
      </li>
      <li
        key="1"
      >
        <GatsbyLink
          onClick={[Function]}
          to="/about"
        >
          About
        </GatsbyLink>
      </li>
      <li
        key="2"
      >
        <GatsbyLink
          onClick={[Function]}
          to="/speaking"
        >
          Speaking
        </GatsbyLink>
      </li>
      <li
        key="3"
      >
        <GatsbyLink
          onClick={[Function]}
          to="/contact"
        >
          Contact
        </GatsbyLink>
      </li>
    </ul>
    <ul
      className="icons alt"
    >
      <li
        key="0"
      >
        <a
          className="icon fa-twitter alt"
          href="https://www.twitter.com/stevennatera"
        >
          <span
            className="label"
          >
            Twitter
          </span>
        </a>
      </li>
      <li
        key="1"
      >
        <a
          className="icon fa-linkedin alt"
          href="https://www.linkedin.com/in/snatera"
        >
          <span
            className="label"
          >
            LinkedIn
          </span>
        </a>
      </li>
      <li
        key="2"
      >
        <a
          className="icon fa-github alt"
          href="https://www.github.com/nodox"
        >
          <span
            className="label"
          >
            Github
          </span>
        </a>
      </li>
    </ul>
  </nav>
  <a
    className="close"
    href="#navPanel"
    onClick={[Function]}
    style={
      Object {
        "WebkitTapHighlightColor": "rgba(0, 0, 0, 0)",
      }
    }
  />
</div>
`;
