// Jest Snapshot v1, https://goo.gl/fbAQLP

exports[`<GetStarted /> should render correctly 1`] = `
<section
  className="main special"
  id="cta"
>
  <header
    className="major"
  >
    <h2>
      Congue imperdiet
    </h2>
    <p>
      Donec imperdiet consequat consequat. Suspendisse feugiat congue
      <br />
      posuere. Nulla massa urna, fermentum eget quam aliquet.
    </p>
  </header>
  <footer
    className="major"
  >
    <ul
      className="actions"
    >
      <li>
        <GatsbyLink
          className="button special"
          to="/generic"
        >
          Get Started
        </GatsbyLink>
      </li>
      <li>
        <GatsbyLink
          className="button"
          to="/generic"
        >
          Learn More
        </GatsbyLink>
      </li>
    </ul>
  </footer>
</section>
`;
