// Jest Snapshot v1, https://goo.gl/fbAQLP

exports[`<Header /> should render correctly 1`] = `
<header
  className="alt"
  id="header"
>
  <span
    className="logo"
  >
    <img
      alt=""
      src={null}
    />
  </span>
  <h1>
    Stellar
  </h1>
  <p>
    Just another free, fully responsive site template
    <br />
    built by 
    <a
      href="https://twitter.com/ajlkn"
    >
      @ajlkn
    </a>
     for 
    <a
      href="https://html5up.net"
    >
      HTML5 UP
    </a>
    .
  </p>
</header>
`;
