// Jest Snapshot v1, https://goo.gl/fbAQLP

exports[`<Index /> should render correctly 1`] = `
<div
  id="wrapper"
>
  <header
    className="alt"
    id="header"
  >
    <span
      className="logo"
    >
      <img
        alt=""
        src="images/logo.svg"
      />
    </span>
    <h1>
      Stellar
    </h1>
    <p>
      Just another free, fully responsive site template
      <br />
      built by 
      <a
        href="https://twitter.com/ajlkn"
      >
        @ajlkn
      </a>
       for 
      <a
        href="https://html5up.net"
      >
        HTML5 UP
      </a>
      .
    </p>
  </header>
  <nav
    id="nav"
  >
    <ul>
      <li>
        <a
          className="active"
          href="#intro"
        >
          Introduction
        </a>
      </li>
      <li>
        <a
          href="#first"
        >
          First Section
        </a>
      </li>
      <li>
        <a
          href="#second"
        >
          Second Section
        </a>
      </li>
      <li>
        <a
          href="#cta"
        >
          Get Started
        </a>
      </li>
    </ul>
  </nav>
  <div
    id="main"
  >
    <section
      className="main"
      id="intro"
    >
      <div
        className="spotlight"
      >
        <div
          className="content"
        >
          <header
            className="major"
          >
            <h2>
              Ipsum sed adipiscing
            </h2>
          </header>
          <p>
            Sed lorem ipsum dolor sit amet nullam consequat feugiat consequat magna adipiscing magna etiam amet veroeros. Lorem ipsum dolor tempus sit cursus. Tempus nisl et nullam lorem ipsum dolor sit amet aliquam.
          </p>
          <ul
            className="actions"
          >
            <li>
              <a
                className="button"
                href="generic.html"
              >
                Learn More
              </a>
            </li>
          </ul>
        </div>
        <span
          className="image"
        >
          <img
            alt=""
            src="images/pic01.jpg"
          />
        </span>
      </div>
    </section>
    <section
      className="main special"
      id="first"
    >
      <header
        className="major"
      >
        <h2>
          Magna veroeros
        </h2>
      </header>
      <ul
        className="features"
      >
        <li>
          <span
            className="icon major style1 fa-code"
          />
          <h3>
            Ipsum consequat
          </h3>
          <p>
            Sed lorem amet ipsum dolor et amet nullam consequat a feugiat consequat tempus veroeros sed consequat.
          </p>
        </li>
        <li>
          <span
            className="icon major style3 fa-copy"
          />
          <h3>
            Amed sed feugiat
          </h3>
          <p>
            Sed lorem amet ipsum dolor et amet nullam consequat a feugiat consequat tempus veroeros sed consequat.
          </p>
        </li>
        <li>
          <span
            className="icon major style5 fa-diamond"
          />
          <h3>
            Dolor nullam
          </h3>
          <p>
            Sed lorem amet ipsum dolor et amet nullam consequat a feugiat consequat tempus veroeros sed consequat.
          </p>
        </li>
      </ul>
      <footer
        className="major"
      >
        <ul
          className="actions"
        >
          <li>
            <a
              className="button"
              href="generic.html"
            >
              Learn More
            </a>
          </li>
        </ul>
      </footer>
    </section>
    <section
      className="main special"
      id="second"
    >
      <header
        className="major"
      >
        <h2>
          Ipsum consequat
        </h2>
        <p>
          Donec imperdiet consequat consequat. Suspendisse feugiat congue
          <br />
          posuere. Nulla massa urna, fermentum eget quam aliquet.
        </p>
      </header>
      <ul
        className="statistics"
      >
        <li
          className="style1"
        >
          <span
            className="icon fa-code-fork"
          />
          <strong>
            5,120
          </strong>
           Etiam
        </li>
        <li
          className="style2"
        >
          <span
            className="icon fa-folder-open-o"
          />
          <strong>
            8,192
          </strong>
           Magna
        </li>
        <li
          className="style3"
        >
          <span
            className="icon fa-signal"
          />
          <strong>
            2,048
          </strong>
           Tempus
        </li>
        <li
          className="style4"
        >
          <span
            className="icon fa-laptop"
          />
          <strong>
            4,096
          </strong>
           Aliquam
        </li>
        <li
          className="style5"
        >
          <span
            className="icon fa-diamond"
          />
          <strong>
            1,024
          </strong>
           Nullam
        </li>
      </ul>
      <p
        className="content"
      >
        Nam elementum nisl et mi a commodo porttitor. Morbi sit amet nisl eu arcu faucibus hendrerit vel a risus. Nam a orci mi, elementum ac arcu sit amet, fermentum pellentesque et purus. Integer maximus varius lorem, sed convallis diam accumsan sed. Etiam porttitor placerat sapien, sed eleifend a enim pulvinar faucibus semper quis ut arcu. Ut non nisl a mollis est efficitur vestibulum. Integer eget purus nec nulla mattis et accumsan ut magna libero. Morbi auctor iaculis porttitor. Sed ut magna ac risus et hendrerit scelerisque. Praesent eleifend lacus in lectus aliquam porta. Cras eu ornare dui curabitur lacinia.
      </p>
      <footer
        className="major"
      >
        <ul
          className="actions"
        >
          <li>
            <a
              className="button"
              href="generic.html"
            >
              Learn More
            </a>
          </li>
        </ul>
      </footer>
    </section>
    <section
      className="main special"
      id="cta"
    >
      <header
        className="major"
      >
        <h2>
          Congue imperdiet
        </h2>
        <p>
          Donec imperdiet consequat consequat. Suspendisse feugiat congue
          <br />
          posuere. Nulla massa urna, fermentum eget quam aliquet.
        </p>
      </header>
      <footer
        className="major"
      >
        <ul
          className="actions"
        >
          <li>
            <a
              className="button special"
              href="generic.html"
            >
              Get Started
            </a>
          </li>
          <li>
            <a
              className="button"
              href="generic.html"
            >
              Learn More
            </a>
          </li>
        </ul>
      </footer>
    </section>
  </div>
  <footer
    id="footer"
  >
    <section>
      <h2>
        Aliquam sed mauris
      </h2>
      <p>
        Sed lorem ipsum dolor sit amet et nullam consequat feugiat consequat magna adipiscing tempus etiam dolore veroeros. eget dapibus mauris. Cras aliquet, nisl ut viverra sollicitudin, ligula erat egestas velit, vitae tincidunt odio.
      </p>
      <ul
        className="actions"
      >
        <li>
          <a
            className="button"
            href="generic.html"
          >
            Learn More
          </a>
        </li>
      </ul>
    </section>
    <section>
      <h2>
        Etiam feugiat
      </h2>
      <dl
        className="alt"
      >
        <dt>
          Address
        </dt>
        <dd>
          1234 Somewhere Road • Nashville, TN 00000 • USA
        </dd>
        <dt>
          Phone
        </dt>
        <dd>
          (000) 000-0000 x 0000
        </dd>
        <dt>
          Email
        </dt>
        <dd>
          <a
            href="#"
          >
            information@untitled.tld
          </a>
        </dd>
      </dl>
      <ul
        className="icons"
      >
        <li>
          <a
            className="icon fa-twitter alt"
            href="#"
          >
            <span
              className="label"
            >
              Twitter
            </span>
          </a>
        </li>
        <li>
          <a
            className="icon fa-facebook alt"
            href="#"
          >
            <span
              className="label"
            >
              Facebook
            </span>
          </a>
        </li>
        <li>
          <a
            className="icon fa-instagram alt"
            href="#"
          >
            <span
              className="label"
            >
              Instagram
            </span>
          </a>
        </li>
        <li>
          <a
            className="icon fa-github alt"
            href="#"
          >
            <span
              className="label"
            >
              GitHub
            </span>
          </a>
        </li>
        <li>
          <a
            className="icon fa-dribbble alt"
            href="#"
          >
            <span
              className="label"
            >
              Dribbble
            </span>
          </a>
        </li>
      </ul>
    </section>
    <p
      className="copyright"
    >
      © Untitled. Design: 
      <a
        href="https://html5up.net"
      >
        HTML5 UP
      </a>
      .
    </p>
  </footer>
</div>
`;
