// Jest Snapshot v1, https://goo.gl/fbAQLP

exports[`<Intro /> should render correctly 1`] = `
<section
  className="main"
  id="intro"
>
  <div
    className="spotlight"
  >
    <div
      className="content"
    >
      <header
        className="major"
      >
        <h2>
          Ipsum sed adipiscing
        </h2>
      </header>
      <p>
        Sed lorem ipsum dolor sit amet nullam consequat feugiat consequat magna adipiscing magna etiam amet veroeros. Lorem ipsum dolor tempus sit cursus. Tempus nisl et nullam lorem ipsum dolor sit amet aliquam.
      </p>
      <ul
        className="actions"
      >
        <li>
          <a
            className="button"
            href="generic.html"
          >
            Learn More
          </a>
        </li>
      </ul>
    </div>
    <span
      className="image"
    >
      <img
        alt=""
        src="images/pic01.jpg"
      />
    </span>
  </div>
</section>
`;
